------------------------------------------------------------
TimeQuest Timing Analyzer Summary
------------------------------------------------------------

Type  : Slow 1200mV 85C Model Setup 'LDDR1'
Slack : -11.125
TNS   : -79.756

Type  : Slow 1200mV 85C Model Setup 'IR[0]'
Slack : -11.093
TNS   : -225.772

Type  : Slow 1200mV 85C Model Setup 'LDDR2'
Slack : -11.075
TNS   : -79.071

Type  : Slow 1200mV 85C Model Hold 'IR[0]'
Slack : 1.533
TNS   : 0.000

Type  : Slow 1200mV 85C Model Hold 'LDDR2'
Slack : 2.514
TNS   : 0.000

Type  : Slow 1200mV 85C Model Hold 'LDDR1'
Slack : 2.565
TNS   : 0.000

Type  : Slow 1200mV 85C Model Minimum Pulse Width 'IR[0]'
Slack : -3.000
TNS   : -3.000

Type  : Slow 1200mV 85C Model Minimum Pulse Width 'LDDR1'
Slack : -3.000
TNS   : -3.000

Type  : Slow 1200mV 85C Model Minimum Pulse Width 'LDDR2'
Slack : -3.000
TNS   : -3.000

Type  : Slow 1200mV 0C Model Setup 'LDDR1'
Slack : -10.543
TNS   : -75.093

Type  : Slow 1200mV 0C Model Setup 'LDDR2'
Slack : -10.498
TNS   : -74.520

Type  : Slow 1200mV 0C Model Setup 'IR[0]'
Slack : -10.484
TNS   : -212.985

Type  : Slow 1200mV 0C Model Hold 'IR[0]'
Slack : 1.509
TNS   : 0.000

Type  : Slow 1200mV 0C Model Hold 'LDDR2'
Slack : 2.283
TNS   : 0.000

Type  : Slow 1200mV 0C Model Hold 'LDDR1'
Slack : 2.365
TNS   : 0.000

Type  : Slow 1200mV 0C Model Minimum Pulse Width 'IR[0]'
Slack : -3.000
TNS   : -3.000

Type  : Slow 1200mV 0C Model Minimum Pulse Width 'LDDR1'
Slack : -3.000
TNS   : -3.000

Type  : Slow 1200mV 0C Model Minimum Pulse Width 'LDDR2'
Slack : -3.000
TNS   : -3.000

Type  : Fast 1200mV 0C Model Setup 'IR[0]'
Slack : -4.732
TNS   : -92.601

Type  : Fast 1200mV 0C Model Setup 'LDDR1'
Slack : -4.212
TNS   : -29.956

Type  : Fast 1200mV 0C Model Setup 'LDDR2'
Slack : -4.138
TNS   : -29.556

Type  : Fast 1200mV 0C Model Hold 'IR[0]'
Slack : 0.407
TNS   : 0.000

Type  : Fast 1200mV 0C Model Hold 'LDDR2'
Slack : 1.006
TNS   : 0.000

Type  : Fast 1200mV 0C Model Hold 'LDDR1'
Slack : 1.022
TNS   : 0.000

Type  : Fast 1200mV 0C Model Minimum Pulse Width 'IR[0]'
Slack : -3.000
TNS   : -4.577

Type  : Fast 1200mV 0C Model Minimum Pulse Width 'LDDR1'
Slack : -3.000
TNS   : -3.000

Type  : Fast 1200mV 0C Model Minimum Pulse Width 'LDDR2'
Slack : -3.000
TNS   : -3.000

------------------------------------------------------------
